Archive member included because of file (symbol)

c:/freescale/kds_v3/toolchain/bin/../lib/gcc/arm-none-eabi/4.8.4/armv6-m\libgcc.a(_udivsi3.o)
                              ./Sources/Driver/MKL46Z_Driver_UART0.o (__aeabi_uidiv)
c:/freescale/kds_v3/toolchain/bin/../lib/gcc/arm-none-eabi/4.8.4/armv6-m\libgcc.a(_dvmd_tls.o)
                              c:/freescale/kds_v3/toolchain/bin/../lib/gcc/arm-none-eabi/4.8.4/armv6-m\libgcc.a(_udivsi3.o) (__aeabi_idiv0)
c:/freescale/kds_v3/toolchain/bin/../lib/gcc/arm-none-eabi/4.8.4/../../../../arm-none-eabi/lib/armv6-m\libg_s.a(lib_a-exit.o)
                              c:/freescale/kds_v3/toolchain/bin/../lib/gcc/arm-none-eabi/4.8.4/../../../../arm-none-eabi/lib/armv6-m/crt0.o (exit)
c:/freescale/kds_v3/toolchain/bin/../lib/gcc/arm-none-eabi/4.8.4/../../../../arm-none-eabi/lib/armv6-m\libg_s.a(lib_a-impure.o)
                              c:/freescale/kds_v3/toolchain/bin/../lib/gcc/arm-none-eabi/4.8.4/../../../../arm-none-eabi/lib/armv6-m\libg_s.a(lib_a-exit.o) (_global_impure_ptr)
c:/freescale/kds_v3/toolchain/bin/../lib/gcc/arm-none-eabi/4.8.4/../../../../arm-none-eabi/lib/armv6-m\libg_s.a(lib_a-init.o)
                              c:/freescale/kds_v3/toolchain/bin/../lib/gcc/arm-none-eabi/4.8.4/../../../../arm-none-eabi/lib/armv6-m/crt0.o (__libc_init_array)
c:/freescale/kds_v3/toolchain/bin/../lib/gcc/arm-none-eabi/4.8.4/../../../../arm-none-eabi/lib/armv6-m\libg_s.a(lib_a-memset.o)
                              c:/freescale/kds_v3/toolchain/bin/../lib/gcc/arm-none-eabi/4.8.4/../../../../arm-none-eabi/lib/armv6-m/crt0.o (memset)
c:/freescale/kds_v3/toolchain/bin/../lib/gcc/arm-none-eabi/4.8.4/../../../../arm-none-eabi/lib/armv6-m\libg_s.a(lib_a-strcmp.o)
                              ./Sources/App/App_on_off_leds_by_commands.o (strcmp)
c:/freescale/kds_v3/toolchain/bin/../lib/gcc/arm-none-eabi/4.8.4/../../../../arm-none-eabi/lib/armv6-m\libnosys.a(_exit.o)
                              c:/freescale/kds_v3/toolchain/bin/../lib/gcc/arm-none-eabi/4.8.4/../../../../arm-none-eabi/lib/armv6-m\libg_s.a(lib_a-exit.o) (_exit)

Allocating common symbols
Common symbol       size              file

g_command_buff      0x14              ./Sources/App/App_on_off_leds_by_commands.o
func_UART0_callback
                    0x4               ./Sources/Driver/MKL46Z_Driver_UART0.o

Discarded input sections

 .text          0x00000000        0x0 c:/freescale/kds_v3/toolchain/bin/../lib/gcc/arm-none-eabi/4.8.4/armv6-m/crti.o
 .data          0x00000000        0x0 c:/freescale/kds_v3/toolchain/bin/../lib/gcc/arm-none-eabi/4.8.4/armv6-m/crti.o
 .bss           0x00000000        0x0 c:/freescale/kds_v3/toolchain/bin/../lib/gcc/arm-none-eabi/4.8.4/armv6-m/crti.o
 .data          0x00000000        0x4 c:/freescale/kds_v3/toolchain/bin/../lib/gcc/arm-none-eabi/4.8.4/armv6-m/crtbegin.o
 .data          0x00000000        0x0 c:/freescale/kds_v3/toolchain/bin/../lib/gcc/arm-none-eabi/4.8.4/../../../../arm-none-eabi/lib/armv6-m/crt0.o
 .bss           0x00000000        0x0 c:/freescale/kds_v3/toolchain/bin/../lib/gcc/arm-none-eabi/4.8.4/../../../../arm-none-eabi/lib/armv6-m/crt0.o
 .ARM.extab     0x00000000        0x0 c:/freescale/kds_v3/toolchain/bin/../lib/gcc/arm-none-eabi/4.8.4/../../../../arm-none-eabi/lib/armv6-m/crt0.o
 .group         0x00000000        0x8 ./Sources/HAL/MKL46Z_HAL_GPIO.o
 .group         0x00000000        0x8 ./Sources/HAL/MKL46Z_HAL_GPIO.o
 .group         0x00000000        0x8 ./Sources/HAL/MKL46Z_HAL_GPIO.o
 .group         0x00000000        0x8 ./Sources/HAL/MKL46Z_HAL_GPIO.o
 .group         0x00000000        0x8 ./Sources/HAL/MKL46Z_HAL_GPIO.o
 .group         0x00000000        0x8 ./Sources/HAL/MKL46Z_HAL_GPIO.o
 .group         0x00000000        0x8 ./Sources/HAL/MKL46Z_HAL_GPIO.o
 .group         0x00000000        0x8 ./Sources/HAL/MKL46Z_HAL_GPIO.o
 .group         0x00000000        0x8 ./Sources/HAL/MKL46Z_HAL_GPIO.o
 .group         0x00000000        0x8 ./Sources/HAL/MKL46Z_HAL_GPIO.o
 .group         0x00000000        0x8 ./Sources/HAL/MKL46Z_HAL_GPIO.o
 .text          0x00000000        0x0 ./Sources/HAL/MKL46Z_HAL_GPIO.o
 .data          0x00000000        0x0 ./Sources/HAL/MKL46Z_HAL_GPIO.o
 .bss           0x00000000        0x0 ./Sources/HAL/MKL46Z_HAL_GPIO.o
 .text.HAL_GPIO_TogglePin
                0x00000000       0x24 ./Sources/HAL/MKL46Z_HAL_GPIO.o
 .group         0x00000000        0x8 ./Sources/HAL/MKL46Z_HAL_PORT.o
 .group         0x00000000        0x8 ./Sources/HAL/MKL46Z_HAL_PORT.o
 .group         0x00000000        0x8 ./Sources/HAL/MKL46Z_HAL_PORT.o
 .group         0x00000000        0x8 ./Sources/HAL/MKL46Z_HAL_PORT.o
 .group         0x00000000        0x8 ./Sources/HAL/MKL46Z_HAL_PORT.o
 .group         0x00000000        0x8 ./Sources/HAL/MKL46Z_HAL_PORT.o
 .group         0x00000000        0x8 ./Sources/HAL/MKL46Z_HAL_PORT.o
 .group         0x00000000        0x8 ./Sources/HAL/MKL46Z_HAL_PORT.o
 .group         0x00000000        0x8 ./Sources/HAL/MKL46Z_HAL_PORT.o
 .group         0x00000000        0x8 ./Sources/HAL/MKL46Z_HAL_PORT.o
 .group         0x00000000        0x8 ./Sources/HAL/MKL46Z_HAL_PORT.o
 .text          0x00000000        0x0 ./Sources/HAL/MKL46Z_HAL_PORT.o
 .data          0x00000000        0x0 ./Sources/HAL/MKL46Z_HAL_PORT.o
 .bss           0x00000000        0x0 ./Sources/HAL/MKL46Z_HAL_PORT.o
 .text.HAL_PORT_PCR_MUX_analog_init
                0x00000000       0x20 ./Sources/HAL/MKL46Z_HAL_PORT.o
 .debug_macro   0x00000000      0x802 ./Sources/HAL/MKL46Z_HAL_PORT.o
 .debug_macro   0x00000000       0x16 ./Sources/HAL/MKL46Z_HAL_PORT.o
 .debug_macro   0x00000000       0x16 ./Sources/HAL/MKL46Z_HAL_PORT.o
 .debug_macro   0x00000000       0x44 ./Sources/HAL/MKL46Z_HAL_PORT.o
 .debug_macro   0x00000000      0x209 ./Sources/HAL/MKL46Z_HAL_PORT.o
 .debug_macro   0x00000000       0x3a ./Sources/HAL/MKL46Z_HAL_PORT.o
 .debug_macro   0x00000000       0x3a ./Sources/HAL/MKL46Z_HAL_PORT.o
 .debug_macro   0x00000000       0x26 ./Sources/HAL/MKL46Z_HAL_PORT.o
 .debug_macro   0x00000000      0x306 ./Sources/HAL/MKL46Z_HAL_PORT.o
 .debug_macro   0x00000000       0x6b ./Sources/HAL/MKL46Z_HAL_PORT.o
 .debug_macro   0x00000000     0xd132 ./Sources/HAL/MKL46Z_HAL_PORT.o
 .group         0x00000000        0x8 ./Sources/HAL/MKL46Z_HAL_SIM.o
 .group         0x00000000        0x8 ./Sources/HAL/MKL46Z_HAL_SIM.o
 .group         0x00000000        0x8 ./Sources/HAL/MKL46Z_HAL_SIM.o
 .group         0x00000000        0x8 ./Sources/HAL/MKL46Z_HAL_SIM.o
 .group         0x00000000        0x8 ./Sources/HAL/MKL46Z_HAL_SIM.o
 .group         0x00000000        0x8 ./Sources/HAL/MKL46Z_HAL_SIM.o
 .group         0x00000000        0x8 ./Sources/HAL/MKL46Z_HAL_SIM.o
 .group         0x00000000        0x8 ./Sources/HAL/MKL46Z_HAL_SIM.o
 .group         0x00000000        0x8 ./Sources/HAL/MKL46Z_HAL_SIM.o
 .group         0x00000000        0x8 ./Sources/HAL/MKL46Z_HAL_SIM.o
 .group         0x00000000        0x8 ./Sources/HAL/MKL46Z_HAL_SIM.o
 .text          0x00000000        0x0 ./Sources/HAL/MKL46Z_HAL_SIM.o
 .data          0x00000000        0x0 ./Sources/HAL/MKL46Z_HAL_SIM.o
 .bss           0x00000000        0x0 ./Sources/HAL/MKL46Z_HAL_SIM.o
 .text.HAL_SIM_SCGC6_init
                0x00000000       0x54 ./Sources/HAL/MKL46Z_HAL_SIM.o
 .debug_macro   0x00000000      0x802 ./Sources/HAL/MKL46Z_HAL_SIM.o
 .debug_macro   0x00000000       0x16 ./Sources/HAL/MKL46Z_HAL_SIM.o
 .debug_macro   0x00000000       0x16 ./Sources/HAL/MKL46Z_HAL_SIM.o
 .debug_macro   0x00000000       0x44 ./Sources/HAL/MKL46Z_HAL_SIM.o
 .debug_macro   0x00000000      0x209 ./Sources/HAL/MKL46Z_HAL_SIM.o
 .debug_macro   0x00000000       0x3a ./Sources/HAL/MKL46Z_HAL_SIM.o
 .debug_macro   0x00000000       0x3a ./Sources/HAL/MKL46Z_HAL_SIM.o
 .debug_macro   0x00000000       0x26 ./Sources/HAL/MKL46Z_HAL_SIM.o
 .debug_macro   0x00000000      0x306 ./Sources/HAL/MKL46Z_HAL_SIM.o
 .debug_macro   0x00000000       0x6b ./Sources/HAL/MKL46Z_HAL_SIM.o
 .debug_macro   0x00000000     0xd132 ./Sources/HAL/MKL46Z_HAL_SIM.o
 .group         0x00000000        0x8 ./Sources/HAL/MKL46Z_HAL_UART0.o
 .group         0x00000000        0x8 ./Sources/HAL/MKL46Z_HAL_UART0.o
 .group         0x00000000        0x8 ./Sources/HAL/MKL46Z_HAL_UART0.o
 .group         0x00000000        0x8 ./Sources/HAL/MKL46Z_HAL_UART0.o
 .group         0x00000000        0x8 ./Sources/HAL/MKL46Z_HAL_UART0.o
 .group         0x00000000        0x8 ./Sources/HAL/MKL46Z_HAL_UART0.o
 .group         0x00000000        0x8 ./Sources/HAL/MKL46Z_HAL_UART0.o
 .group         0x00000000        0x8 ./Sources/HAL/MKL46Z_HAL_UART0.o
 .group         0x00000000        0x8 ./Sources/HAL/MKL46Z_HAL_UART0.o
 .group         0x00000000        0x8 ./Sources/HAL/MKL46Z_HAL_UART0.o
 .group         0x00000000        0x8 ./Sources/HAL/MKL46Z_HAL_UART0.o
 .group         0x00000000        0x8 ./Sources/HAL/MKL46Z_HAL_UART0.o
 .text          0x00000000        0x0 ./Sources/HAL/MKL46Z_HAL_UART0.o
 .data          0x00000000        0x0 ./Sources/HAL/MKL46Z_HAL_UART0.o
 .bss           0x00000000        0x0 ./Sources/HAL/MKL46Z_HAL_UART0.o
 .debug_macro   0x00000000      0x802 ./Sources/HAL/MKL46Z_HAL_UART0.o
 .debug_macro   0x00000000       0x16 ./Sources/HAL/MKL46Z_HAL_UART0.o
 .debug_macro   0x00000000       0x16 ./Sources/HAL/MKL46Z_HAL_UART0.o
 .debug_macro   0x00000000       0x44 ./Sources/HAL/MKL46Z_HAL_UART0.o
 .debug_macro   0x00000000      0x209 ./Sources/HAL/MKL46Z_HAL_UART0.o
 .debug_macro   0x00000000       0x3a ./Sources/HAL/MKL46Z_HAL_UART0.o
 .debug_macro   0x00000000       0x3a ./Sources/HAL/MKL46Z_HAL_UART0.o
 .debug_macro   0x00000000       0x26 ./Sources/HAL/MKL46Z_HAL_UART0.o
 .debug_macro   0x00000000      0x306 ./Sources/HAL/MKL46Z_HAL_UART0.o
 .debug_macro   0x00000000       0x6b ./Sources/HAL/MKL46Z_HAL_UART0.o
 .debug_macro   0x00000000     0xd132 ./Sources/HAL/MKL46Z_HAL_UART0.o
 .group         0x00000000        0x8 ./Sources/Driver/MKL46Z_Driver_GPIO.o
 .group         0x00000000        0x8 ./Sources/Driver/MKL46Z_Driver_GPIO.o
 .group         0x00000000        0x8 ./Sources/Driver/MKL46Z_Driver_GPIO.o
 .group         0x00000000        0x8 ./Sources/Driver/MKL46Z_Driver_GPIO.o
 .group         0x00000000        0x8 ./Sources/Driver/MKL46Z_Driver_GPIO.o
 .group         0x00000000        0x8 ./Sources/Driver/MKL46Z_Driver_GPIO.o
 .group         0x00000000        0x8 ./Sources/Driver/MKL46Z_Driver_GPIO.o
 .group         0x00000000        0x8 ./Sources/Driver/MKL46Z_Driver_GPIO.o
 .group         0x00000000        0x8 ./Sources/Driver/MKL46Z_Driver_GPIO.o
 .group         0x00000000        0x8 ./Sources/Driver/MKL46Z_Driver_GPIO.o
 .group         0x00000000        0x8 ./Sources/Driver/MKL46Z_Driver_GPIO.o
 .text          0x00000000        0x0 ./Sources/Driver/MKL46Z_Driver_GPIO.o
 .data          0x00000000        0x0 ./Sources/Driver/MKL46Z_Driver_GPIO.o
 .bss           0x00000000        0x0 ./Sources/Driver/MKL46Z_Driver_GPIO.o
 .text.driver_GPIO_toggle_pin
                0x00000000       0x1c ./Sources/Driver/MKL46Z_Driver_GPIO.o
 .debug_macro   0x00000000      0x802 ./Sources/Driver/MKL46Z_Driver_GPIO.o
 .debug_macro   0x00000000       0x16 ./Sources/Driver/MKL46Z_Driver_GPIO.o
 .debug_macro   0x00000000       0x16 ./Sources/Driver/MKL46Z_Driver_GPIO.o
 .debug_macro   0x00000000       0x44 ./Sources/Driver/MKL46Z_Driver_GPIO.o
 .debug_macro   0x00000000      0x209 ./Sources/Driver/MKL46Z_Driver_GPIO.o
 .debug_macro   0x00000000       0x3a ./Sources/Driver/MKL46Z_Driver_GPIO.o
 .debug_macro   0x00000000       0x3a ./Sources/Driver/MKL46Z_Driver_GPIO.o
 .debug_macro   0x00000000       0x26 ./Sources/Driver/MKL46Z_Driver_GPIO.o
 .debug_macro   0x00000000      0x306 ./Sources/Driver/MKL46Z_Driver_GPIO.o
 .debug_macro   0x00000000       0x6b ./Sources/Driver/MKL46Z_Driver_GPIO.o
 .debug_macro   0x00000000     0xd132 ./Sources/Driver/MKL46Z_Driver_GPIO.o
 .group         0x00000000        0x8 ./Sources/Driver/MKL46Z_Driver_PORT.o
 .group         0x00000000        0x8 ./Sources/Driver/MKL46Z_Driver_PORT.o
 .group         0x00000000        0x8 ./Sources/Driver/MKL46Z_Driver_PORT.o
 .group         0x00000000        0x8 ./Sources/Driver/MKL46Z_Driver_PORT.o
 .group         0x00000000        0x8 ./Sources/Driver/MKL46Z_Driver_PORT.o
 .group         0x00000000        0x8 ./Sources/Driver/MKL46Z_Driver_PORT.o
 .group         0x00000000        0x8 ./Sources/Driver/MKL46Z_Driver_PORT.o
 .group         0x00000000        0x8 ./Sources/Driver/MKL46Z_Driver_PORT.o
 .group         0x00000000        0x8 ./Sources/Driver/MKL46Z_Driver_PORT.o
 .group         0x00000000        0x8 ./Sources/Driver/MKL46Z_Driver_PORT.o
 .group         0x00000000        0x8 ./Sources/Driver/MKL46Z_Driver_PORT.o
 .text          0x00000000        0x0 ./Sources/Driver/MKL46Z_Driver_PORT.o
 .data          0x00000000        0x0 ./Sources/Driver/MKL46Z_Driver_PORT.o
 .bss           0x00000000        0x0 ./Sources/Driver/MKL46Z_Driver_PORT.o
 .text.driver_PORT_analog_init
                0x00000000       0x1c ./Sources/Driver/MKL46Z_Driver_PORT.o
 .debug_macro   0x00000000      0x802 ./Sources/Driver/MKL46Z_Driver_PORT.o
 .debug_macro   0x00000000       0x16 ./Sources/Driver/MKL46Z_Driver_PORT.o
 .debug_macro   0x00000000       0x16 ./Sources/Driver/MKL46Z_Driver_PORT.o
 .debug_macro   0x00000000       0x44 ./Sources/Driver/MKL46Z_Driver_PORT.o
 .debug_macro   0x00000000      0x209 ./Sources/Driver/MKL46Z_Driver_PORT.o
 .debug_macro   0x00000000       0x3a ./Sources/Driver/MKL46Z_Driver_PORT.o
 .debug_macro   0x00000000       0x3a ./Sources/Driver/MKL46Z_Driver_PORT.o
 .debug_macro   0x00000000       0x26 ./Sources/Driver/MKL46Z_Driver_PORT.o
 .debug_macro   0x00000000      0x306 ./Sources/Driver/MKL46Z_Driver_PORT.o
 .debug_macro   0x00000000       0x6b ./Sources/Driver/MKL46Z_Driver_PORT.o
 .debug_macro   0x00000000     0xd132 ./Sources/Driver/MKL46Z_Driver_PORT.o
 .group         0x00000000        0x8 ./Sources/Driver/MKL46Z_Driver_SIM.o
 .group         0x00000000        0x8 ./Sources/Driver/MKL46Z_Driver_SIM.o
 .group         0x00000000        0x8 ./Sources/Driver/MKL46Z_Driver_SIM.o
 .group         0x00000000        0x8 ./Sources/Driver/MKL46Z_Driver_SIM.o
 .group         0x00000000        0x8 ./Sources/Driver/MKL46Z_Driver_SIM.o
 .group         0x00000000        0x8 ./Sources/Driver/MKL46Z_Driver_SIM.o
 .group         0x00000000        0x8 ./Sources/Driver/MKL46Z_Driver_SIM.o
 .group         0x00000000        0x8 ./Sources/Driver/MKL46Z_Driver_SIM.o
 .group         0x00000000        0x8 ./Sources/Driver/MKL46Z_Driver_SIM.o
 .group         0x00000000        0x8 ./Sources/Driver/MKL46Z_Driver_SIM.o
 .group         0x00000000        0x8 ./Sources/Driver/MKL46Z_Driver_SIM.o
 .text          0x00000000        0x0 ./Sources/Driver/MKL46Z_Driver_SIM.o
 .data          0x00000000        0x0 ./Sources/Driver/MKL46Z_Driver_SIM.o
 .bss           0x00000000        0x0 ./Sources/Driver/MKL46Z_Driver_SIM.o
 .text.driver_SIM_SCGC6_init
                0x00000000       0x24 ./Sources/Driver/MKL46Z_Driver_SIM.o
 .debug_macro   0x00000000      0x802 ./Sources/Driver/MKL46Z_Driver_SIM.o
 .debug_macro   0x00000000       0x16 ./Sources/Driver/MKL46Z_Driver_SIM.o
 .debug_macro   0x00000000       0x16 ./Sources/Driver/MKL46Z_Driver_SIM.o
 .debug_macro   0x00000000       0x44 ./Sources/Driver/MKL46Z_Driver_SIM.o
 .debug_macro   0x00000000      0x209 ./Sources/Driver/MKL46Z_Driver_SIM.o
 .debug_macro   0x00000000       0x3a ./Sources/Driver/MKL46Z_Driver_SIM.o
 .debug_macro   0x00000000       0x3a ./Sources/Driver/MKL46Z_Driver_SIM.o
 .debug_macro   0x00000000       0x26 ./Sources/Driver/MKL46Z_Driver_SIM.o
 .debug_macro   0x00000000      0x306 ./Sources/Driver/MKL46Z_Driver_SIM.o
 .debug_macro   0x00000000       0x6b ./Sources/Driver/MKL46Z_Driver_SIM.o
 .debug_macro   0x00000000     0xd132 ./Sources/Driver/MKL46Z_Driver_SIM.o
 .group         0x00000000        0x8 ./Sources/Driver/MKL46Z_Driver_UART0.o
 .group         0x00000000        0x8 ./Sources/Driver/MKL46Z_Driver_UART0.o
 .group         0x00000000        0x8 ./Sources/Driver/MKL46Z_Driver_UART0.o
 .group         0x00000000        0x8 ./Sources/Driver/MKL46Z_Driver_UART0.o
 .group         0x00000000        0x8 ./Sources/Driver/MKL46Z_Driver_UART0.o
 .group         0x00000000        0x8 ./Sources/Driver/MKL46Z_Driver_UART0.o
 .group         0x00000000        0x8 ./Sources/Driver/MKL46Z_Driver_UART0.o
 .group         0x00000000        0x8 ./Sources/Driver/MKL46Z_Driver_UART0.o
 .group         0x00000000        0x8 ./Sources/Driver/MKL46Z_Driver_UART0.o
 .group         0x00000000        0x8 ./Sources/Driver/MKL46Z_Driver_UART0.o
 .group         0x00000000        0x8 ./Sources/Driver/MKL46Z_Driver_UART0.o
 .group         0x00000000        0x8 ./Sources/Driver/MKL46Z_Driver_UART0.o
 .text          0x00000000        0x0 ./Sources/Driver/MKL46Z_Driver_UART0.o
 .data          0x00000000        0x0 ./Sources/Driver/MKL46Z_Driver_UART0.o
 .bss           0x00000000        0x0 ./Sources/Driver/MKL46Z_Driver_UART0.o
 .debug_macro   0x00000000      0x802 ./Sources/Driver/MKL46Z_Driver_UART0.o
 .debug_macro   0x00000000       0x16 ./Sources/Driver/MKL46Z_Driver_UART0.o
 .debug_macro   0x00000000       0x16 ./Sources/Driver/MKL46Z_Driver_UART0.o
 .debug_macro   0x00000000       0x44 ./Sources/Driver/MKL46Z_Driver_UART0.o
 .debug_macro   0x00000000      0x209 ./Sources/Driver/MKL46Z_Driver_UART0.o
 .debug_macro   0x00000000       0x3a ./Sources/Driver/MKL46Z_Driver_UART0.o
 .debug_macro   0x00000000       0x3a ./Sources/Driver/MKL46Z_Driver_UART0.o
 .debug_macro   0x00000000       0x26 ./Sources/Driver/MKL46Z_Driver_UART0.o
 .debug_macro   0x00000000      0x306 ./Sources/Driver/MKL46Z_Driver_UART0.o
 .debug_macro   0x00000000       0x6b ./Sources/Driver/MKL46Z_Driver_UART0.o
 .debug_macro   0x00000000     0xd132 ./Sources/Driver/MKL46Z_Driver_UART0.o
 .debug_macro   0x00000000       0x22 ./Sources/Driver/MKL46Z_Driver_UART0.o
 .group         0x00000000        0x8 ./Sources/App/App_on_off_leds_by_commands.o
 .group         0x00000000        0x8 ./Sources/App/App_on_off_leds_by_commands.o
 .group         0x00000000        0x8 ./Sources/App/App_on_off_leds_by_commands.o
 .group         0x00000000        0x8 ./Sources/App/App_on_off_leds_by_commands.o
 .group         0x00000000        0x8 ./Sources/App/App_on_off_leds_by_commands.o
 .group         0x00000000        0x8 ./Sources/App/App_on_off_leds_by_commands.o
 .group         0x00000000        0x8 ./Sources/App/App_on_off_leds_by_commands.o
 .group         0x00000000        0x8 ./Sources/App/App_on_off_leds_by_commands.o
 .group         0x00000000        0x8 ./Sources/App/App_on_off_leds_by_commands.o
 .group         0x00000000        0x8 ./Sources/App/App_on_off_leds_by_commands.o
 .group         0x00000000        0x8 ./Sources/App/App_on_off_leds_by_commands.o
 .group         0x00000000        0x8 ./Sources/App/App_on_off_leds_by_commands.o
 .group         0x00000000        0x8 ./Sources/App/App_on_off_leds_by_commands.o
 .group         0x00000000        0x8 ./Sources/App/App_on_off_leds_by_commands.o
 .group         0x00000000        0x8 ./Sources/App/App_on_off_leds_by_commands.o
 .group         0x00000000        0x8 ./Sources/App/App_on_off_leds_by_commands.o
 .group         0x00000000        0x8 ./Sources/App/App_on_off_leds_by_commands.o
 .group         0x00000000        0x8 ./Sources/App/App_on_off_leds_by_commands.o
 .group         0x00000000        0x8 ./Sources/App/App_on_off_leds_by_commands.o
 .group         0x00000000        0x8 ./Sources/App/App_on_off_leds_by_commands.o
 .group         0x00000000        0x8 ./Sources/App/App_on_off_leds_by_commands.o
 .group         0x00000000        0x8 ./Sources/App/App_on_off_leds_by_commands.o
 .group         0x00000000        0x8 ./Sources/App/App_on_off_leds_by_commands.o
 .text          0x00000000        0x0 ./Sources/App/App_on_off_leds_by_commands.o
 .data          0x00000000        0x0 ./Sources/App/App_on_off_leds_by_commands.o
 .bss           0x00000000        0x0 ./Sources/App/App_on_off_leds_by_commands.o
 .debug_macro   0x00000000      0x802 ./Sources/App/App_on_off_leds_by_commands.o
 .debug_macro   0x00000000       0x16 ./Sources/App/App_on_off_leds_by_commands.o
 .debug_macro   0x00000000       0x16 ./Sources/App/App_on_off_leds_by_commands.o
 .debug_macro   0x00000000       0x44 ./Sources/App/App_on_off_leds_by_commands.o
 .debug_macro   0x00000000      0x209 ./Sources/App/App_on_off_leds_by_commands.o
 .debug_macro   0x00000000       0x3a ./Sources/App/App_on_off_leds_by_commands.o
 .debug_macro   0x00000000       0x3a ./Sources/App/App_on_off_leds_by_commands.o
 .debug_macro   0x00000000       0x26 ./Sources/App/App_on_off_leds_by_commands.o
 .debug_macro   0x00000000      0x306 ./Sources/App/App_on_off_leds_by_commands.o
 .debug_macro   0x00000000       0x6b ./Sources/App/App_on_off_leds_by_commands.o
 .debug_macro   0x00000000     0xd132 ./Sources/App/App_on_off_leds_by_commands.o
 .debug_macro   0x00000000       0x22 ./Sources/App/App_on_off_leds_by_commands.o
 .group         0x00000000        0x8 ./Sources/main.o
 .group         0x00000000        0x8 ./Sources/main.o
 .group         0x00000000        0x8 ./Sources/main.o
 .group         0x00000000        0x8 ./Sources/main.o
 .group         0x00000000        0x8 ./Sources/main.o
 .group         0x00000000        0x8 ./Sources/main.o
 .group         0x00000000        0x8 ./Sources/main.o
 .group         0x00000000        0x8 ./Sources/main.o
 .group         0x00000000        0x8 ./Sources/main.o
 .group         0x00000000        0x8 ./Sources/main.o
 .group         0x00000000        0x8 ./Sources/main.o
 .group         0x00000000        0x8 ./Sources/main.o
 .text          0x00000000        0x0 ./Sources/main.o
 .data          0x00000000        0x0 ./Sources/main.o
 .bss           0x00000000        0x0 ./Sources/main.o
 .debug_macro   0x00000000      0x802 ./Sources/main.o
 .debug_macro   0x00000000       0x16 ./Sources/main.o
 .debug_macro   0x00000000       0x16 ./Sources/main.o
 .debug_macro   0x00000000       0x44 ./Sources/main.o
 .debug_macro   0x00000000      0x209 ./Sources/main.o
 .debug_macro   0x00000000       0x3a ./Sources/main.o
 .debug_macro   0x00000000       0x3a ./Sources/main.o
 .debug_macro   0x00000000       0x26 ./Sources/main.o
 .debug_macro   0x00000000      0x306 ./Sources/main.o
 .debug_macro   0x00000000       0x6b ./Sources/main.o
 .debug_macro   0x00000000     0xd132 ./Sources/main.o
 .debug_macro   0x00000000       0x22 ./Sources/main.o
 .data          0x00000000        0x0 ./Project_Settings/Startup_Code/startup_MKL46Z4.o
 .bss           0x00000000        0x0 ./Project_Settings/Startup_Code/startup_MKL46Z4.o
 .group         0x00000000        0x8 ./Project_Settings/Startup_Code/system_MKL46Z4.o
 .group         0x00000000        0x8 ./Project_Settings/Startup_Code/system_MKL46Z4.o
 .group         0x00000000        0x8 ./Project_Settings/Startup_Code/system_MKL46Z4.o
 .group         0x00000000        0x8 ./Project_Settings/Startup_Code/system_MKL46Z4.o
 .group         0x00000000        0x8 ./Project_Settings/Startup_Code/system_MKL46Z4.o
 .group         0x00000000        0x8 ./Project_Settings/Startup_Code/system_MKL46Z4.o
 .group         0x00000000        0x8 ./Project_Settings/Startup_Code/system_MKL46Z4.o
 .group         0x00000000        0x8 ./Project_Settings/Startup_Code/system_MKL46Z4.o
 .group         0x00000000        0x8 ./Project_Settings/Startup_Code/system_MKL46Z4.o
 .group         0x00000000        0x8 ./Project_Settings/Startup_Code/system_MKL46Z4.o
 .text          0x00000000        0x0 ./Project_Settings/Startup_Code/system_MKL46Z4.o
 .data          0x00000000        0x0 ./Project_Settings/Startup_Code/system_MKL46Z4.o
 .bss           0x00000000        0x0 ./Project_Settings/Startup_Code/system_MKL46Z4.o
 .data.SystemCoreClock
                0x00000000        0x4 ./Project_Settings/Startup_Code/system_MKL46Z4.o
 .text.SystemCoreClockUpdate
                0x00000000      0x23c ./Project_Settings/Startup_Code/system_MKL46Z4.o
 .debug_macro   0x00000000      0x802 ./Project_Settings/Startup_Code/system_MKL46Z4.o
 .debug_macro   0x00000000       0x16 ./Project_Settings/Startup_Code/system_MKL46Z4.o
 .debug_macro   0x00000000       0x44 ./Project_Settings/Startup_Code/system_MKL46Z4.o
 .debug_macro   0x00000000      0x209 ./Project_Settings/Startup_Code/system_MKL46Z4.o
 .debug_macro   0x00000000       0x3a ./Project_Settings/Startup_Code/system_MKL46Z4.o
 .debug_macro   0x00000000       0x26 ./Project_Settings/Startup_Code/system_MKL46Z4.o
 .debug_macro   0x00000000      0x306 ./Project_Settings/Startup_Code/system_MKL46Z4.o
 .debug_macro   0x00000000       0x6b ./Project_Settings/Startup_Code/system_MKL46Z4.o
 .debug_macro   0x00000000     0xd132 ./Project_Settings/Startup_Code/system_MKL46Z4.o
 .data          0x00000000        0x0 c:/freescale/kds_v3/toolchain/bin/../lib/gcc/arm-none-eabi/4.8.4/armv6-m\libgcc.a(_udivsi3.o)
 .bss           0x00000000        0x0 c:/freescale/kds_v3/toolchain/bin/../lib/gcc/arm-none-eabi/4.8.4/armv6-m\libgcc.a(_udivsi3.o)
 .data          0x00000000        0x0 c:/freescale/kds_v3/toolchain/bin/../lib/gcc/arm-none-eabi/4.8.4/armv6-m\libgcc.a(_dvmd_tls.o)
 .bss           0x00000000        0x0 c:/freescale/kds_v3/toolchain/bin/../lib/gcc/arm-none-eabi/4.8.4/armv6-m\libgcc.a(_dvmd_tls.o)
 .text          0x00000000        0x0 c:/freescale/kds_v3/toolchain/bin/../lib/gcc/arm-none-eabi/4.8.4/../../../../arm-none-eabi/lib/armv6-m\libg_s.a(lib_a-exit.o)
 .data          0x00000000        0x0 c:/freescale/kds_v3/toolchain/bin/../lib/gcc/arm-none-eabi/4.8.4/../../../../arm-none-eabi/lib/armv6-m\libg_s.a(lib_a-exit.o)
 .bss           0x00000000        0x0 c:/freescale/kds_v3/toolchain/bin/../lib/gcc/arm-none-eabi/4.8.4/../../../../arm-none-eabi/lib/armv6-m\libg_s.a(lib_a-exit.o)
 .text          0x00000000        0x0 c:/freescale/kds_v3/toolchain/bin/../lib/gcc/arm-none-eabi/4.8.4/../../../../arm-none-eabi/lib/armv6-m\libg_s.a(lib_a-impure.o)
 .data          0x00000000        0x0 c:/freescale/kds_v3/toolchain/bin/../lib/gcc/arm-none-eabi/4.8.4/../../../../arm-none-eabi/lib/armv6-m\libg_s.a(lib_a-impure.o)
 .bss           0x00000000        0x0 c:/freescale/kds_v3/toolchain/bin/../lib/gcc/arm-none-eabi/4.8.4/../../../../arm-none-eabi/lib/armv6-m\libg_s.a(lib_a-impure.o)
 .data._impure_ptr
                0x00000000        0x4 c:/freescale/kds_v3/toolchain/bin/../lib/gcc/arm-none-eabi/4.8.4/../../../../arm-none-eabi/lib/armv6-m\libg_s.a(lib_a-impure.o)
 .text          0x00000000        0x0 c:/freescale/kds_v3/toolchain/bin/../lib/gcc/arm-none-eabi/4.8.4/../../../../arm-none-eabi/lib/armv6-m\libg_s.a(lib_a-init.o)
 .data          0x00000000        0x0 c:/freescale/kds_v3/toolchain/bin/../lib/gcc/arm-none-eabi/4.8.4/../../../../arm-none-eabi/lib/armv6-m\libg_s.a(lib_a-init.o)
 .bss           0x00000000        0x0 c:/freescale/kds_v3/toolchain/bin/../lib/gcc/arm-none-eabi/4.8.4/../../../../arm-none-eabi/lib/armv6-m\libg_s.a(lib_a-init.o)
 .text          0x00000000        0x0 c:/freescale/kds_v3/toolchain/bin/../lib/gcc/arm-none-eabi/4.8.4/../../../../arm-none-eabi/lib/armv6-m\libg_s.a(lib_a-memset.o)
 .data          0x00000000        0x0 c:/freescale/kds_v3/toolchain/bin/../lib/gcc/arm-none-eabi/4.8.4/../../../../arm-none-eabi/lib/armv6-m\libg_s.a(lib_a-memset.o)
 .bss           0x00000000        0x0 c:/freescale/kds_v3/toolchain/bin/../lib/gcc/arm-none-eabi/4.8.4/../../../../arm-none-eabi/lib/armv6-m\libg_s.a(lib_a-memset.o)
 .data          0x00000000        0x0 c:/freescale/kds_v3/toolchain/bin/../lib/gcc/arm-none-eabi/4.8.4/../../../../arm-none-eabi/lib/armv6-m\libg_s.a(lib_a-strcmp.o)
 .bss           0x00000000        0x0 c:/freescale/kds_v3/toolchain/bin/../lib/gcc/arm-none-eabi/4.8.4/../../../../arm-none-eabi/lib/armv6-m\libg_s.a(lib_a-strcmp.o)
 .text          0x00000000        0x0 c:/freescale/kds_v3/toolchain/bin/../lib/gcc/arm-none-eabi/4.8.4/../../../../arm-none-eabi/lib/armv6-m\libnosys.a(_exit.o)
 .data          0x00000000        0x0 c:/freescale/kds_v3/toolchain/bin/../lib/gcc/arm-none-eabi/4.8.4/../../../../arm-none-eabi/lib/armv6-m\libnosys.a(_exit.o)
 .bss           0x00000000        0x0 c:/freescale/kds_v3/toolchain/bin/../lib/gcc/arm-none-eabi/4.8.4/../../../../arm-none-eabi/lib/armv6-m\libnosys.a(_exit.o)
 .text          0x00000000        0x0 c:/freescale/kds_v3/toolchain/bin/../lib/gcc/arm-none-eabi/4.8.4/armv6-m/crtend.o
 .data          0x00000000        0x0 c:/freescale/kds_v3/toolchain/bin/../lib/gcc/arm-none-eabi/4.8.4/armv6-m/crtend.o
 .bss           0x00000000        0x0 c:/freescale/kds_v3/toolchain/bin/../lib/gcc/arm-none-eabi/4.8.4/armv6-m/crtend.o
 .eh_frame      0x00000000        0x4 c:/freescale/kds_v3/toolchain/bin/../lib/gcc/arm-none-eabi/4.8.4/armv6-m/crtend.o
 .text          0x00000000        0x0 c:/freescale/kds_v3/toolchain/bin/../lib/gcc/arm-none-eabi/4.8.4/armv6-m/crtn.o
 .data          0x00000000        0x0 c:/freescale/kds_v3/toolchain/bin/../lib/gcc/arm-none-eabi/4.8.4/armv6-m/crtn.o
 .bss           0x00000000        0x0 c:/freescale/kds_v3/toolchain/bin/../lib/gcc/arm-none-eabi/4.8.4/armv6-m/crtn.o

Memory Configuration

Name             Origin             Length             Attributes
m_interrupts     0x00000000         0x00000100         xr
m_flash_config   0x00000400         0x00000010         xr
m_text           0x00000410         0x0003fbf0         xr
m_data           0x1fffe000         0x00008000         rw
*default*        0x00000000         0xffffffff

Linker script and memory map

LOAD c:/freescale/kds_v3/toolchain/bin/../lib/gcc/arm-none-eabi/4.8.4/armv6-m/crti.o
LOAD c:/freescale/kds_v3/toolchain/bin/../lib/gcc/arm-none-eabi/4.8.4/armv6-m/crtbegin.o
LOAD c:/freescale/kds_v3/toolchain/bin/../lib/gcc/arm-none-eabi/4.8.4/../../../../arm-none-eabi/lib/armv6-m/crt0.o
LOAD ./Sources/HAL/MKL46Z_HAL_GPIO.o
LOAD ./Sources/HAL/MKL46Z_HAL_PORT.o
LOAD ./Sources/HAL/MKL46Z_HAL_SIM.o
LOAD ./Sources/HAL/MKL46Z_HAL_UART0.o
LOAD ./Sources/Driver/MKL46Z_Driver_GPIO.o
LOAD ./Sources/Driver/MKL46Z_Driver_PORT.o
LOAD ./Sources/Driver/MKL46Z_Driver_SIM.o
LOAD ./Sources/Driver/MKL46Z_Driver_UART0.o
LOAD ./Sources/App/App_on_off_leds_by_commands.o
LOAD ./Sources/main.o
LOAD ./Project_Settings/Startup_Code/startup_MKL46Z4.o
LOAD ./Project_Settings/Startup_Code/system_MKL46Z4.o
LOAD c:/freescale/kds_v3/toolchain/bin/../lib/gcc/arm-none-eabi/4.8.4/../../../../arm-none-eabi/lib/armv6-m\libstdc++_s.a
LOAD c:/freescale/kds_v3/toolchain/bin/../lib/gcc/arm-none-eabi/4.8.4/../../../../arm-none-eabi/lib/armv6-m\libm.a
START GROUP
LOAD c:/freescale/kds_v3/toolchain/bin/../lib/gcc/arm-none-eabi/4.8.4/armv6-m\libgcc.a
LOAD c:/freescale/kds_v3/toolchain/bin/../lib/gcc/arm-none-eabi/4.8.4/../../../../arm-none-eabi/lib/armv6-m\libg_s.a
LOAD c:/freescale/kds_v3/toolchain/bin/../lib/gcc/arm-none-eabi/4.8.4/../../../../arm-none-eabi/lib/armv6-m\libc_s.a
END GROUP
START GROUP
LOAD c:/freescale/kds_v3/toolchain/bin/../lib/gcc/arm-none-eabi/4.8.4/armv6-m\libgcc.a
LOAD c:/freescale/kds_v3/toolchain/bin/../lib/gcc/arm-none-eabi/4.8.4/../../../../arm-none-eabi/lib/armv6-m\libc_s.a
LOAD c:/freescale/kds_v3/toolchain/bin/../lib/gcc/arm-none-eabi/4.8.4/../../../../arm-none-eabi/lib/armv6-m\libnosys.a
END GROUP
START GROUP
LOAD c:/freescale/kds_v3/toolchain/bin/../lib/gcc/arm-none-eabi/4.8.4/armv6-m\libgcc.a
LOAD c:/freescale/kds_v3/toolchain/bin/../lib/gcc/arm-none-eabi/4.8.4/../../../../arm-none-eabi/lib/armv6-m\libc_s.a
LOAD c:/freescale/kds_v3/toolchain/bin/../lib/gcc/arm-none-eabi/4.8.4/../../../../arm-none-eabi/lib/armv6-m\libnosys.a
END GROUP
LOAD c:/freescale/kds_v3/toolchain/bin/../lib/gcc/arm-none-eabi/4.8.4/armv6-m/crtend.o
LOAD c:/freescale/kds_v3/toolchain/bin/../lib/gcc/arm-none-eabi/4.8.4/armv6-m/crtn.o
                0x00000400                HEAP_SIZE = DEFINED (__heap_size__)?__heap_size__:0x400
                0x00000400                STACK_SIZE = DEFINED (__stack_size__)?__stack_size__:0x400

.interrupts     0x00000000       0xc0
                0x00000000                __VECTOR_TABLE = .
                0x00000000                . = ALIGN (0x4)
 *(.isr_vector)
 .isr_vector    0x00000000       0xc0 ./Project_Settings/Startup_Code/startup_MKL46Z4.o
                0x00000000                __isr_vector
                0x000000c0                . = ALIGN (0x4)

.flash_config   0x00000400       0x10
                0x00000400                . = ALIGN (0x4)
 *(.FlashConfig)
 .FlashConfig   0x00000400       0x10 ./Project_Settings/Startup_Code/startup_MKL46Z4.o
                0x00000410                . = ALIGN (0x4)

.text           0x00000410      0xd28
                0x00000410                . = ALIGN (0x4)
 *(.text)
 .text          0x00000410       0x60 c:/freescale/kds_v3/toolchain/bin/../lib/gcc/arm-none-eabi/4.8.4/armv6-m/crtbegin.o
 .text          0x00000470       0x78 c:/freescale/kds_v3/toolchain/bin/../lib/gcc/arm-none-eabi/4.8.4/../../../../arm-none-eabi/lib/armv6-m/crt0.o
                0x00000470                _start
                0x00000470                _mainCRTStartup
 .text          0x000004e8       0x34 ./Project_Settings/Startup_Code/startup_MKL46Z4.o
                0x000004e8                Reset_Handler
                0x00000514                HardFault_Handler
                0x00000514                SysTick_Handler
                0x00000514                PendSV_Handler
                0x00000514                NMI_Handler
                0x00000514                PORTC_PORTD_IRQHandler
                0x00000514                I2C1_IRQHandler
                0x00000514                UART1_IRQHandler
                0x00000514                DMA2_IRQHandler
                0x00000514                TPM0_IRQHandler
                0x00000514                I2S0_IRQHandler
                0x00000514                LLWU_IRQHandler
                0x00000514                TSI0_IRQHandler
                0x00000514                ADC0_IRQHandler
                0x00000514                SPI1_IRQHandler
                0x00000514                DefaultISR
                0x00000514                TPM2_IRQHandler
                0x00000514                RTC_IRQHandler
                0x00000514                I2C0_IRQHandler
                0x00000514                LCD_IRQHandler
                0x00000514                RTC_Seconds_IRQHandler
                0x00000514                MCG_IRQHandler
                0x00000514                UART2_IRQHandler
                0x00000514                Reserved20_IRQHandler
                0x00000514                USB0_IRQHandler
                0x00000514                PIT_IRQHandler
                0x00000514                SVC_Handler
                0x00000514                DMA3_IRQHandler
                0x00000514                DMA0_IRQHandler
                0x00000514                DAC0_IRQHandler
                0x00000514                TPM1_IRQHandler
                0x00000514                LVD_LVW_IRQHandler
                0x00000514                SPI0_IRQHandler
                0x00000514                PORTA_IRQHandler
                0x00000514                FTFA_IRQHandler
                0x00000514                LPTMR0_IRQHandler
                0x00000514                CMP0_IRQHandler
                0x00000514                DMA1_IRQHandler
 .text          0x0000051c       0x9c c:/freescale/kds_v3/toolchain/bin/../lib/gcc/arm-none-eabi/4.8.4/armv6-m\libgcc.a(_udivsi3.o)
                0x0000051c                __aeabi_uidiv
                0x0000051c                __udivsi3
                0x000005a4                __aeabi_uidivmod
 .text          0x000005b8        0x4 c:/freescale/kds_v3/toolchain/bin/../lib/gcc/arm-none-eabi/4.8.4/armv6-m\libgcc.a(_dvmd_tls.o)
                0x000005b8                __aeabi_idiv0
                0x000005b8                __aeabi_ldiv0
 .text          0x000005bc       0x14 c:/freescale/kds_v3/toolchain/bin/../lib/gcc/arm-none-eabi/4.8.4/../../../../arm-none-eabi/lib/armv6-m\libg_s.a(lib_a-strcmp.o)
                0x000005bc                strcmp
 *(.text*)
 .text.HAL_GPIO_PDDR_Output_Init
                0x000005d0       0x24 ./Sources/HAL/MKL46Z_HAL_GPIO.o
                0x000005d0                HAL_GPIO_PDDR_Output_Init
 .text.HAL_GPIO_PDOR_High
                0x000005f4       0x24 ./Sources/HAL/MKL46Z_HAL_GPIO.o
                0x000005f4                HAL_GPIO_PDOR_High
 .text.HAL_GPIO_PDOR_Low
                0x00000618       0x28 ./Sources/HAL/MKL46Z_HAL_GPIO.o
                0x00000618                HAL_GPIO_PDOR_Low
 .text.HAL_GPIO_pin_state
                0x00000640       0x24 ./Sources/HAL/MKL46Z_HAL_GPIO.o
                0x00000640                HAL_GPIO_pin_state
 .text.HAL_PORT_PCR_MUX_GPIO_init
                0x00000664       0x28 ./Sources/HAL/MKL46Z_HAL_PORT.o
                0x00000664                HAL_PORT_PCR_MUX_GPIO_init
 .text.HAL_PORT_PCR_MUX_UART_init
                0x0000068c       0x28 ./Sources/HAL/MKL46Z_HAL_PORT.o
                0x0000068c                HAL_PORT_PCR_MUX_UART_init
 .text.HAL_SIM_SCGC4_init
                0x000006b4       0x54 ./Sources/HAL/MKL46Z_HAL_SIM.o
                0x000006b4                HAL_SIM_SCGC4_init
 .text.HAL_SIM_SCGC5_init
                0x00000708       0x54 ./Sources/HAL/MKL46Z_HAL_SIM.o
                0x00000708                HAL_SIM_SCGC5_init
 .text.HAL_SIM_SOPT2_init
                0x0000075c       0x28 ./Sources/HAL/MKL46Z_HAL_SIM.o
                0x0000075c                HAL_SIM_SOPT2_init
 .text.HAL_UART0_BDH_init
                0x00000784       0x20 ./Sources/HAL/MKL46Z_HAL_UART0.o
                0x00000784                HAL_UART0_BDH_init
 .text.HAL_UART0_BDL_init
                0x000007a4       0x1c ./Sources/HAL/MKL46Z_HAL_UART0.o
                0x000007a4                HAL_UART0_BDL_init
 .text.HAL_UART0_C2_init
                0x000007c0       0x64 ./Sources/HAL/MKL46Z_HAL_UART0.o
                0x000007c0                HAL_UART0_C2_init
 .text.HAL_UART0_D_read
                0x00000824       0x18 ./Sources/HAL/MKL46Z_HAL_UART0.o
                0x00000824                HAL_UART0_D_read
 .text.HAL_UART0_D_write
                0x0000083c       0x20 ./Sources/HAL/MKL46Z_HAL_UART0.o
                0x0000083c                HAL_UART0_D_write
 .text.HAL_UART0_S1_flag_state
                0x0000085c       0x2c ./Sources/HAL/MKL46Z_HAL_UART0.o
                0x0000085c                HAL_UART0_S1_flag_state
 .text.driver_GPIO_output_init
                0x00000888       0x1c ./Sources/Driver/MKL46Z_Driver_GPIO.o
                0x00000888                driver_GPIO_output_init
 .text.driver_GPIO_output_low
                0x000008a4       0x1c ./Sources/Driver/MKL46Z_Driver_GPIO.o
                0x000008a4                driver_GPIO_output_low
 .text.driver_GPIO_output_high
                0x000008c0       0x1c ./Sources/Driver/MKL46Z_Driver_GPIO.o
                0x000008c0                driver_GPIO_output_high
 .text.driver_GPIO_output_state
                0x000008dc       0x20 ./Sources/Driver/MKL46Z_Driver_GPIO.o
                0x000008dc                driver_GPIO_output_state
 .text.driver_PORT_GPIO_init
                0x000008fc       0x1c ./Sources/Driver/MKL46Z_Driver_PORT.o
                0x000008fc                driver_PORT_GPIO_init
 .text.driver_PORT_UART_init
                0x00000918       0x2c ./Sources/Driver/MKL46Z_Driver_PORT.o
                0x00000918                driver_PORT_UART_init
 .text.driver_SIM_SCGC4_init
                0x00000944       0x24 ./Sources/Driver/MKL46Z_Driver_SIM.o
                0x00000944                driver_SIM_SCGC4_init
 .text.driver_SIM_SCGC5_init
                0x00000968       0x24 ./Sources/Driver/MKL46Z_Driver_SIM.o
                0x00000968                driver_SIM_SCGC5_init
 .text.driver_SIM_SOPT2_init
                0x0000098c       0x18 ./Sources/Driver/MKL46Z_Driver_SIM.o
                0x0000098c                driver_SIM_SOPT2_init
 .text.NVIC_EnableIRQ
                0x000009a4       0x2c ./Sources/Driver/MKL46Z_Driver_UART0.o
 .text.driver_UART0_SBR_init
                0x000009d0       0x74 ./Sources/Driver/MKL46Z_Driver_UART0.o
                0x000009d0                driver_UART0_SBR_init
 .text.driver_UART0_C2_init
                0x00000a44       0x28 ./Sources/Driver/MKL46Z_Driver_UART0.o
                0x00000a44                driver_UART0_C2_init
 .text.driver_UART0_interrupt_init
                0x00000a6c       0x50 ./Sources/Driver/MKL46Z_Driver_UART0.o
                0x00000a6c                driver_UART0_interrupt_init
 .text.driver_UART0_sent_string
                0x00000abc       0x2c ./Sources/Driver/MKL46Z_Driver_UART0.o
                0x00000abc                driver_UART0_sent_string
 .text.driver_UART0_receive_bytes
                0x00000ae8       0x10 ./Sources/Driver/MKL46Z_Driver_UART0.o
                0x00000ae8                driver_UART0_receive_bytes
 .text.driver_UART0_send_bytes
                0x00000af8       0x34 ./Sources/Driver/MKL46Z_Driver_UART0.o
 .text.UART0_IRQHandler
                0x00000b2c       0x20 ./Sources/Driver/MKL46Z_Driver_UART0.o
                0x00000b2c                UART0_IRQHandler
 .text.app_led_init
                0x00000b4c       0x64 ./Sources/App/App_on_off_leds_by_commands.o
                0x00000b4c                app_led_init
 .text.app_UART0_init
                0x00000bb0       0x68 ./Sources/App/App_on_off_leds_by_commands.o
                0x00000bb0                app_UART0_init
 .text.app_display_command_table
                0x00000c18       0x5c ./Sources/App/App_on_off_leds_by_commands.o
                0x00000c18                app_display_command_table
 .text.app_ctrl_leds_by_commands
                0x00000c74      0x144 ./Sources/App/App_on_off_leds_by_commands.o
                0x00000c74                app_ctrl_leds_by_commands
 .text.interrupt_UART0_receiver_callback
                0x00000db8       0x48 ./Sources/App/App_on_off_leds_by_commands.o
                0x00000db8                interrupt_UART0_receiver_callback
 .text.main     0x00000e00       0x18 ./Sources/main.o
                0x00000e00                main
 .text.SystemInit
                0x00000e18       0x18 ./Project_Settings/Startup_Code/system_MKL46Z4.o
                0x00000e18                SystemInit
 .text.exit     0x00000e30       0x2c c:/freescale/kds_v3/toolchain/bin/../lib/gcc/arm-none-eabi/4.8.4/../../../../arm-none-eabi/lib/armv6-m\libg_s.a(lib_a-exit.o)
                0x00000e30                exit
 .text.__libc_init_array
                0x00000e5c       0x4c c:/freescale/kds_v3/toolchain/bin/../lib/gcc/arm-none-eabi/4.8.4/../../../../arm-none-eabi/lib/armv6-m\libg_s.a(lib_a-init.o)
                0x00000e5c                __libc_init_array
 .text.memset   0x00000ea8       0x10 c:/freescale/kds_v3/toolchain/bin/../lib/gcc/arm-none-eabi/4.8.4/../../../../arm-none-eabi/lib/armv6-m\libg_s.a(lib_a-memset.o)
                0x00000ea8                memset
 .text._exit    0x00000eb8        0x4 c:/freescale/kds_v3/toolchain/bin/../lib/gcc/arm-none-eabi/4.8.4/../../../../arm-none-eabi/lib/armv6-m\libnosys.a(_exit.o)
                0x00000eb8                _exit
 *(.rodata)
 .rodata        0x00000ebc      0x25c ./Sources/App/App_on_off_leds_by_commands.o
 *(.rodata*)
 .rodata.str1.1
                0x00001118        0x2 c:/freescale/kds_v3/toolchain/bin/../lib/gcc/arm-none-eabi/4.8.4/../../../../arm-none-eabi/lib/armv6-m\libg_s.a(lib_a-impure.o)
 *fill*         0x0000111a        0x2 
 .rodata._global_impure_ptr
                0x0000111c        0x4 c:/freescale/kds_v3/toolchain/bin/../lib/gcc/arm-none-eabi/4.8.4/../../../../arm-none-eabi/lib/armv6-m\libg_s.a(lib_a-impure.o)
                0x0000111c                _global_impure_ptr
 *(.glue_7)
 .glue_7        0x00000000        0x0 linker stubs
 *(.glue_7t)
 .glue_7t       0x00000000        0x0 linker stubs
 *(.eh_frame)
 .eh_frame      0x00001120        0x0 c:/freescale/kds_v3/toolchain/bin/../lib/gcc/arm-none-eabi/4.8.4/armv6-m/crtbegin.o
 *(.init)
 .init          0x00001120        0x4 c:/freescale/kds_v3/toolchain/bin/../lib/gcc/arm-none-eabi/4.8.4/armv6-m/crti.o
                0x00001120                _init
 .init          0x00001124        0x8 c:/freescale/kds_v3/toolchain/bin/../lib/gcc/arm-none-eabi/4.8.4/armv6-m/crtn.o
 *(.fini)
 .fini          0x0000112c        0x4 c:/freescale/kds_v3/toolchain/bin/../lib/gcc/arm-none-eabi/4.8.4/armv6-m/crti.o
                0x0000112c                _fini
 .fini          0x00001130        0x8 c:/freescale/kds_v3/toolchain/bin/../lib/gcc/arm-none-eabi/4.8.4/armv6-m/crtn.o
                0x00001138                . = ALIGN (0x4)

.vfp11_veneer   0x00001138        0x0
 .vfp11_veneer  0x00000000        0x0 linker stubs

.v4_bx          0x00001138        0x0
 .v4_bx         0x00000000        0x0 linker stubs

.iplt           0x00001138        0x0
 .iplt          0x00000000        0x0 c:/freescale/kds_v3/toolchain/bin/../lib/gcc/arm-none-eabi/4.8.4/armv6-m/crtbegin.o

.ARM.extab
 *(.ARM.extab* .gnu.linkonce.armextab.*)

.ARM            0x00001138        0x8
                0x00001138                __exidx_start = .
 *(.ARM.exidx*)
 .ARM.exidx     0x00001138        0x8 c:/freescale/kds_v3/toolchain/bin/../lib/gcc/arm-none-eabi/4.8.4/../../../../arm-none-eabi/lib/armv6-m/crt0.o
                0x00001140                __exidx_end = .

.rel.dyn        0x00001140        0x0
 .rel.iplt      0x00000000        0x0 c:/freescale/kds_v3/toolchain/bin/../lib/gcc/arm-none-eabi/4.8.4/armv6-m/crtbegin.o

.ctors          0x00001140        0x0
                0x00001140                __CTOR_LIST__ = .
 *crtbegin.o(.ctors)
 *crtbegin?.o(.ctors)
 *(EXCLUDE_FILE(*crtend.o *crtend?.o) .ctors)
 *(SORT(.ctors.*))
 *(.ctors)
                0x00001140                __CTOR_END__ = .

.dtors          0x00001140        0x0
                0x00001140                __DTOR_LIST__ = .
 *crtbegin.o(.dtors)
 *crtbegin?.o(.dtors)
 *(EXCLUDE_FILE(*crtend.o *crtend?.o) .dtors)
 *(SORT(.dtors.*))
 *(.dtors)
                0x00001140                __DTOR_END__ = .

.preinit_array  0x00001140        0x0
                0x00001140                PROVIDE (__preinit_array_start, .)
 *(.preinit_array*)
                0x00001140                PROVIDE (__preinit_array_end, .)

.init_array     0x00001140        0x4
                0x00001140                PROVIDE (__init_array_start, .)
 *(SORT(.init_array.*))
 *(.init_array*)
 .init_array    0x00001140        0x4 c:/freescale/kds_v3/toolchain/bin/../lib/gcc/arm-none-eabi/4.8.4/armv6-m/crtbegin.o
                0x00001144                PROVIDE (__init_array_end, .)

.fini_array     0x00001144        0x4
                0x00001144                PROVIDE (__fini_array_start, .)
 *(SORT(.fini_array.*))
 *(.fini_array*)
 .fini_array    0x00001144        0x4 c:/freescale/kds_v3/toolchain/bin/../lib/gcc/arm-none-eabi/4.8.4/armv6-m/crtbegin.o
                0x00001148                PROVIDE (__fini_array_end, .)
                0x00001148                __etext = .
                0x00001148                __DATA_ROM = .

.mtb            0x1fffe000        0x0
                0x1fffe000                . = ALIGN (0x8)
                0x1fffe000                _mtb_start = .
 *(.mtb_buf)
                0x1fffe000                . = ALIGN (0x8)
                0x1fffe000                _mtb_end = .

.data           0x1fffe000       0x64 load address 0x00001148
                0x1fffe000                . = ALIGN (0x4)
                0x1fffe000                __DATA_RAM = .
                0x1fffe000                __data_start__ = .
 *(.data)
 *(.data*)
 .data.impure_data
                0x1fffe000       0x60 c:/freescale/kds_v3/toolchain/bin/../lib/gcc/arm-none-eabi/4.8.4/../../../../arm-none-eabi/lib/armv6-m\libg_s.a(lib_a-impure.o)
 *(.jcr*)
 .jcr           0x1fffe060        0x0 c:/freescale/kds_v3/toolchain/bin/../lib/gcc/arm-none-eabi/4.8.4/armv6-m/crtbegin.o
 .jcr           0x1fffe060        0x4 c:/freescale/kds_v3/toolchain/bin/../lib/gcc/arm-none-eabi/4.8.4/armv6-m/crtend.o
                0x1fffe064                . = ALIGN (0x4)
                0x1fffe064                __data_end__ = .
                0x000011ac                __DATA_END = (__DATA_ROM + (__data_end__ - __data_start__))

.igot.plt       0x1fffe064        0x0 load address 0x000011ac
 .igot.plt      0x00000000        0x0 c:/freescale/kds_v3/toolchain/bin/../lib/gcc/arm-none-eabi/4.8.4/armv6-m/crtbegin.o

.bss            0x1fffe064       0x44 load address 0x000011ac
                0x1fffe064                . = ALIGN (0x4)
                0x1fffe064                __START_BSS = .
                0x1fffe064                __bss_start__ = .
 *(.bss)
 .bss           0x1fffe064       0x1c c:/freescale/kds_v3/toolchain/bin/../lib/gcc/arm-none-eabi/4.8.4/armv6-m/crtbegin.o
 *(.bss*)
 .bss.g_BDH_value
                0x1fffe080        0x4 ./Sources/Driver/MKL46Z_Driver_UART0.o
                0x1fffe080                g_BDH_value
 .bss.g_BDL_value
                0x1fffe084        0x4 ./Sources/Driver/MKL46Z_Driver_UART0.o
                0x1fffe084                g_BDL_value
 .bss.g_read_command_flag
                0x1fffe088        0x1 ./Sources/App/App_on_off_leds_by_commands.o
                0x1fffe088                g_read_command_flag
 *fill*         0x1fffe089        0x3 
 .bss.g_index_buff
                0x1fffe08c        0x4 ./Sources/App/App_on_off_leds_by_commands.o
                0x1fffe08c                g_index_buff
 *(COMMON)
 COMMON         0x1fffe090        0x4 ./Sources/Driver/MKL46Z_Driver_UART0.o
                0x1fffe090                func_UART0_callback
 COMMON         0x1fffe094       0x14 ./Sources/App/App_on_off_leds_by_commands.o
                0x1fffe094                g_command_buff
                0x1fffe0a8                . = ALIGN (0x4)
                0x1fffe0a8                __bss_end__ = .
                0x1fffe0a8                __END_BSS = .

.heap           0x1fffe0a8      0x400 load address 0x000011f0
                0x1fffe0a8                . = ALIGN (0x8)
                0x1fffe0a8                __end__ = .
                0x1fffe0a8                PROVIDE (end, .)
                0x1fffe0a8                __HeapBase = .
                0x1fffe4a8                . = (. + HEAP_SIZE)
 *fill*         0x1fffe0a8      0x400 
                0x1fffe4a8                __HeapLimit = .

.stack          0x1fffe4a8      0x400 load address 0x000015f0
                0x1fffe4a8                . = ALIGN (0x8)
                0x1fffe8a8                . = (. + STACK_SIZE)
 *fill*         0x1fffe4a8      0x400 
                0x20006000                __StackTop = (ORIGIN (m_data) + 0x8000)
                0x20005c00                __StackLimit = (__StackTop - STACK_SIZE)
                0x20006000                PROVIDE (__stack, __StackTop)

.ARM.attributes
                0x00000000       0x28
 *(.ARM.attributes)
 .ARM.attributes
                0x00000000       0x1e c:/freescale/kds_v3/toolchain/bin/../lib/gcc/arm-none-eabi/4.8.4/armv6-m/crti.o
 .ARM.attributes
                0x0000001e       0x2c c:/freescale/kds_v3/toolchain/bin/../lib/gcc/arm-none-eabi/4.8.4/armv6-m/crtbegin.o
 .ARM.attributes
                0x0000004a       0x1b c:/freescale/kds_v3/toolchain/bin/../lib/gcc/arm-none-eabi/4.8.4/../../../../arm-none-eabi/lib/armv6-m/crt0.o
 .ARM.attributes
                0x00000065       0x32 ./Sources/HAL/MKL46Z_HAL_GPIO.o
 .ARM.attributes
                0x00000097       0x32 ./Sources/HAL/MKL46Z_HAL_PORT.o
 .ARM.attributes
                0x000000c9       0x32 ./Sources/HAL/MKL46Z_HAL_SIM.o
 .ARM.attributes
                0x000000fb       0x32 ./Sources/HAL/MKL46Z_HAL_UART0.o
 .ARM.attributes
                0x0000012d       0x32 ./Sources/Driver/MKL46Z_Driver_GPIO.o
 .ARM.attributes
                0x0000015f       0x32 ./Sources/Driver/MKL46Z_Driver_PORT.o
 .ARM.attributes
                0x00000191       0x32 ./Sources/Driver/MKL46Z_Driver_SIM.o
 .ARM.attributes
                0x000001c3       0x32 ./Sources/Driver/MKL46Z_Driver_UART0.o
 .ARM.attributes
                0x000001f5       0x32 ./Sources/App/App_on_off_leds_by_commands.o
 .ARM.attributes
                0x00000227       0x32 ./Sources/main.o
 .ARM.attributes
                0x00000259       0x1b ./Project_Settings/Startup_Code/startup_MKL46Z4.o
 .ARM.attributes
                0x00000274       0x32 ./Project_Settings/Startup_Code/system_MKL46Z4.o
 .ARM.attributes
                0x000002a6       0x1e c:/freescale/kds_v3/toolchain/bin/../lib/gcc/arm-none-eabi/4.8.4/armv6-m\libgcc.a(_udivsi3.o)
 .ARM.attributes
                0x000002c4       0x1e c:/freescale/kds_v3/toolchain/bin/../lib/gcc/arm-none-eabi/4.8.4/armv6-m\libgcc.a(_dvmd_tls.o)
 .ARM.attributes
                0x000002e2       0x2c c:/freescale/kds_v3/toolchain/bin/../lib/gcc/arm-none-eabi/4.8.4/../../../../arm-none-eabi/lib/armv6-m\libg_s.a(lib_a-exit.o)
 .ARM.attributes
                0x0000030e       0x2c c:/freescale/kds_v3/toolchain/bin/../lib/gcc/arm-none-eabi/4.8.4/../../../../arm-none-eabi/lib/armv6-m\libg_s.a(lib_a-impure.o)
 .ARM.attributes
                0x0000033a       0x2c c:/freescale/kds_v3/toolchain/bin/../lib/gcc/arm-none-eabi/4.8.4/../../../../arm-none-eabi/lib/armv6-m\libg_s.a(lib_a-init.o)
 .ARM.attributes
                0x00000366       0x2c c:/freescale/kds_v3/toolchain/bin/../lib/gcc/arm-none-eabi/4.8.4/../../../../arm-none-eabi/lib/armv6-m\libg_s.a(lib_a-memset.o)
 .ARM.attributes
                0x00000392       0x1c c:/freescale/kds_v3/toolchain/bin/../lib/gcc/arm-none-eabi/4.8.4/../../../../arm-none-eabi/lib/armv6-m\libg_s.a(lib_a-strcmp.o)
 .ARM.attributes
                0x000003ae       0x2c c:/freescale/kds_v3/toolchain/bin/../lib/gcc/arm-none-eabi/4.8.4/../../../../arm-none-eabi/lib/armv6-m\libnosys.a(_exit.o)
 .ARM.attributes
                0x000003da       0x2c c:/freescale/kds_v3/toolchain/bin/../lib/gcc/arm-none-eabi/4.8.4/armv6-m/crtend.o
 .ARM.attributes
                0x00000406       0x1e c:/freescale/kds_v3/toolchain/bin/../lib/gcc/arm-none-eabi/4.8.4/armv6-m/crtn.o
                0x00000001                ASSERT ((__StackLimit >= __HeapLimit), region m_data overflowed with stack and heap)
OUTPUT(PhamCaoThin_MCUASM7.elf elf32-littlearm)

.debug_info     0x00000000     0x1bf3
 .debug_info    0x00000000      0x1fb ./Sources/HAL/MKL46Z_HAL_GPIO.o
 .debug_info    0x000001fb      0x1bc ./Sources/HAL/MKL46Z_HAL_PORT.o
 .debug_info    0x000003b7      0x342 ./Sources/HAL/MKL46Z_HAL_SIM.o
 .debug_info    0x000006f9      0x236 ./Sources/HAL/MKL46Z_HAL_UART0.o
 .debug_info    0x0000092f      0x1fb ./Sources/Driver/MKL46Z_Driver_GPIO.o
 .debug_info    0x00000b2a      0x1d8 ./Sources/Driver/MKL46Z_Driver_PORT.o
 .debug_info    0x00000d02      0x221 ./Sources/Driver/MKL46Z_Driver_SIM.o
 .debug_info    0x00000f23      0x4bb ./Sources/Driver/MKL46Z_Driver_UART0.o
 .debug_info    0x000013de      0x2e2 ./Sources/App/App_on_off_leds_by_commands.o
 .debug_info    0x000016c0       0x8c ./Sources/main.o
 .debug_info    0x0000174c       0xb9 ./Project_Settings/Startup_Code/startup_MKL46Z4.o
 .debug_info    0x00001805      0x3ee ./Project_Settings/Startup_Code/system_MKL46Z4.o

.debug_abbrev   0x00000000      0x973
 .debug_abbrev  0x00000000       0xcc ./Sources/HAL/MKL46Z_HAL_GPIO.o
 .debug_abbrev  0x000000cc       0xe4 ./Sources/HAL/MKL46Z_HAL_PORT.o
 .debug_abbrev  0x000001b0       0xeb ./Sources/HAL/MKL46Z_HAL_SIM.o
 .debug_abbrev  0x0000029b       0xc7 ./Sources/HAL/MKL46Z_HAL_UART0.o
 .debug_abbrev  0x00000362       0xcc ./Sources/Driver/MKL46Z_Driver_GPIO.o
 .debug_abbrev  0x0000042e       0xe4 ./Sources/Driver/MKL46Z_Driver_PORT.o
 .debug_abbrev  0x00000512       0x91 ./Sources/Driver/MKL46Z_Driver_SIM.o
 .debug_abbrev  0x000005a3      0x192 ./Sources/Driver/MKL46Z_Driver_UART0.o
 .debug_abbrev  0x00000735       0xda ./Sources/App/App_on_off_leds_by_commands.o
 .debug_abbrev  0x0000080f       0x47 ./Sources/main.o
 .debug_abbrev  0x00000856       0x14 ./Project_Settings/Startup_Code/startup_MKL46Z4.o
 .debug_abbrev  0x0000086a      0x109 ./Project_Settings/Startup_Code/system_MKL46Z4.o

.debug_aranges  0x00000000      0x298
 .debug_aranges
                0x00000000       0x40 ./Sources/HAL/MKL46Z_HAL_GPIO.o
 .debug_aranges
                0x00000040       0x30 ./Sources/HAL/MKL46Z_HAL_PORT.o
 .debug_aranges
                0x00000070       0x38 ./Sources/HAL/MKL46Z_HAL_SIM.o
 .debug_aranges
                0x000000a8       0x48 ./Sources/HAL/MKL46Z_HAL_UART0.o
 .debug_aranges
                0x000000f0       0x40 ./Sources/Driver/MKL46Z_Driver_GPIO.o
 .debug_aranges
                0x00000130       0x30 ./Sources/Driver/MKL46Z_Driver_PORT.o
 .debug_aranges
                0x00000160       0x38 ./Sources/Driver/MKL46Z_Driver_SIM.o
 .debug_aranges
                0x00000198       0x58 ./Sources/Driver/MKL46Z_Driver_UART0.o
 .debug_aranges
                0x000001f0       0x40 ./Sources/App/App_on_off_leds_by_commands.o
 .debug_aranges
                0x00000230       0x20 ./Sources/main.o
 .debug_aranges
                0x00000250       0x20 ./Project_Settings/Startup_Code/startup_MKL46Z4.o
 .debug_aranges
                0x00000270       0x28 ./Project_Settings/Startup_Code/system_MKL46Z4.o

.debug_ranges   0x00000000      0x1c8
 .debug_ranges  0x00000000       0x30 ./Sources/HAL/MKL46Z_HAL_GPIO.o
 .debug_ranges  0x00000030       0x20 ./Sources/HAL/MKL46Z_HAL_PORT.o
 .debug_ranges  0x00000050       0x28 ./Sources/HAL/MKL46Z_HAL_SIM.o
 .debug_ranges  0x00000078       0x38 ./Sources/HAL/MKL46Z_HAL_UART0.o
 .debug_ranges  0x000000b0       0x30 ./Sources/Driver/MKL46Z_Driver_GPIO.o
 .debug_ranges  0x000000e0       0x20 ./Sources/Driver/MKL46Z_Driver_PORT.o
 .debug_ranges  0x00000100       0x28 ./Sources/Driver/MKL46Z_Driver_SIM.o
 .debug_ranges  0x00000128       0x48 ./Sources/Driver/MKL46Z_Driver_UART0.o
 .debug_ranges  0x00000170       0x30 ./Sources/App/App_on_off_leds_by_commands.o
 .debug_ranges  0x000001a0       0x10 ./Sources/main.o
 .debug_ranges  0x000001b0       0x18 ./Project_Settings/Startup_Code/system_MKL46Z4.o

.debug_macro    0x00000000     0xefba
 .debug_macro   0x00000000       0x8d ./Sources/HAL/MKL46Z_HAL_GPIO.o
 .debug_macro   0x0000008d      0x802 ./Sources/HAL/MKL46Z_HAL_GPIO.o
 .debug_macro   0x0000088f       0x16 ./Sources/HAL/MKL46Z_HAL_GPIO.o
 .debug_macro   0x000008a5       0x16 ./Sources/HAL/MKL46Z_HAL_GPIO.o
 .debug_macro   0x000008bb       0x44 ./Sources/HAL/MKL46Z_HAL_GPIO.o
 .debug_macro   0x000008ff      0x209 ./Sources/HAL/MKL46Z_HAL_GPIO.o
 .debug_macro   0x00000b08       0x3a ./Sources/HAL/MKL46Z_HAL_GPIO.o
 .debug_macro   0x00000b42       0x3a ./Sources/HAL/MKL46Z_HAL_GPIO.o
 .debug_macro   0x00000b7c       0x26 ./Sources/HAL/MKL46Z_HAL_GPIO.o
 .debug_macro   0x00000ba2      0x306 ./Sources/HAL/MKL46Z_HAL_GPIO.o
 .debug_macro   0x00000ea8       0x6b ./Sources/HAL/MKL46Z_HAL_GPIO.o
 .debug_macro   0x00000f13     0xd132 ./Sources/HAL/MKL46Z_HAL_GPIO.o
 .debug_macro   0x0000e045       0x8d ./Sources/HAL/MKL46Z_HAL_PORT.o
 .debug_macro   0x0000e0d2       0x8d ./Sources/HAL/MKL46Z_HAL_SIM.o
 .debug_macro   0x0000e15f       0x96 ./Sources/HAL/MKL46Z_HAL_UART0.o
 .debug_macro   0x0000e1f5       0x22 ./Sources/HAL/MKL46Z_HAL_UART0.o
 .debug_macro   0x0000e217       0x97 ./Sources/Driver/MKL46Z_Driver_GPIO.o
 .debug_macro   0x0000e2ae       0x97 ./Sources/Driver/MKL46Z_Driver_PORT.o
 .debug_macro   0x0000e345       0x97 ./Sources/Driver/MKL46Z_Driver_SIM.o
 .debug_macro   0x0000e3dc       0xa0 ./Sources/Driver/MKL46Z_Driver_UART0.o
 .debug_macro   0x0000e47c      0x1d6 ./Sources/App/App_on_off_leds_by_commands.o
 .debug_macro   0x0000e652       0x58 ./Sources/App/App_on_off_leds_by_commands.o
 .debug_macro   0x0000e6aa       0x35 ./Sources/App/App_on_off_leds_by_commands.o
 .debug_macro   0x0000e6df       0xa3 ./Sources/App/App_on_off_leds_by_commands.o
 .debug_macro   0x0000e782      0x166 ./Sources/App/App_on_off_leds_by_commands.o
 .debug_macro   0x0000e8e8       0x52 ./Sources/App/App_on_off_leds_by_commands.o
 .debug_macro   0x0000e93a       0x16 ./Sources/App/App_on_off_leds_by_commands.o
 .debug_macro   0x0000e950       0x43 ./Sources/App/App_on_off_leds_by_commands.o
 .debug_macro   0x0000e993      0x180 ./Sources/App/App_on_off_leds_by_commands.o
 .debug_macro   0x0000eb13      0x2a6 ./Sources/App/App_on_off_leds_by_commands.o
 .debug_macro   0x0000edb9       0x10 ./Sources/App/App_on_off_leds_by_commands.o
 .debug_macro   0x0000edc9       0x35 ./Sources/App/App_on_off_leds_by_commands.o
 .debug_macro   0x0000edfe       0xf2 ./Sources/main.o
 .debug_macro   0x0000eef0       0x7e ./Project_Settings/Startup_Code/system_MKL46Z4.o
 .debug_macro   0x0000ef6e       0x4c ./Project_Settings/Startup_Code/system_MKL46Z4.o

.debug_line     0x00000000     0x1db3
 .debug_line    0x00000000      0x24d ./Sources/HAL/MKL46Z_HAL_GPIO.o
 .debug_line    0x0000024d      0x22a ./Sources/HAL/MKL46Z_HAL_PORT.o
 .debug_line    0x00000477      0x241 ./Sources/HAL/MKL46Z_HAL_SIM.o
 .debug_line    0x000006b8      0x272 ./Sources/HAL/MKL46Z_HAL_UART0.o
 .debug_line    0x0000092a      0x28a ./Sources/Driver/MKL46Z_Driver_GPIO.o
 .debug_line    0x00000bb4      0x267 ./Sources/Driver/MKL46Z_Driver_PORT.o
 .debug_line    0x00000e1b      0x275 ./Sources/Driver/MKL46Z_Driver_SIM.o
 .debug_line    0x00001090      0x2fa ./Sources/Driver/MKL46Z_Driver_UART0.o
 .debug_line    0x0000138a      0x464 ./Sources/App/App_on_off_leds_by_commands.o
 .debug_line    0x000017ee      0x30a ./Sources/main.o
 .debug_line    0x00001af8       0x7b ./Project_Settings/Startup_Code/startup_MKL46Z4.o
 .debug_line    0x00001b73      0x240 ./Project_Settings/Startup_Code/system_MKL46Z4.o

.debug_str      0x00000000    0x521cf
 .debug_str     0x00000000    0x4f0b5 ./Sources/HAL/MKL46Z_HAL_GPIO.o
                              0x4f4b2 (size before relaxing)
 .debug_str     0x0004f0b5       0xcb ./Sources/HAL/MKL46Z_HAL_PORT.o
                              0x4f4b0 (size before relaxing)
 .debug_str     0x0004f180      0x16c ./Sources/HAL/MKL46Z_HAL_SIM.o
                              0x4f566 (size before relaxing)
 .debug_str     0x0004f2ec      0x142 ./Sources/HAL/MKL46Z_HAL_UART0.o
                              0x4f53c (size before relaxing)
 .debug_str     0x0004f42e       0xc6 ./Sources/Driver/MKL46Z_Driver_GPIO.o
                              0x4f4f2 (size before relaxing)
 .debug_str     0x0004f4f4       0xb9 ./Sources/Driver/MKL46Z_Driver_PORT.o
                              0x4f4f0 (size before relaxing)
 .debug_str     0x0004f5ad      0x1d0 ./Sources/Driver/MKL46Z_Driver_SIM.o
                              0x4f5e2 (size before relaxing)
 .debug_str     0x0004f77d      0x3a3 ./Sources/Driver/MKL46Z_Driver_UART0.o
                              0x4f823 (size before relaxing)
 .debug_str     0x0004fb20     0x2601 ./Sources/App/App_on_off_leds_by_commands.o
                              0x51cde (size before relaxing)
 .debug_str     0x00052121       0x17 ./Sources/main.o
                              0x4f57b (size before relaxing)
 .debug_str     0x00052138       0x97 ./Project_Settings/Startup_Code/system_MKL46Z4.o
                              0x4f565 (size before relaxing)

.comment        0x00000000       0x70
 .comment       0x00000000       0x70 ./Sources/HAL/MKL46Z_HAL_GPIO.o
                                 0x71 (size before relaxing)
 .comment       0x00000000       0x71 ./Sources/HAL/MKL46Z_HAL_PORT.o
 .comment       0x00000000       0x71 ./Sources/HAL/MKL46Z_HAL_SIM.o
 .comment       0x00000000       0x71 ./Sources/HAL/MKL46Z_HAL_UART0.o
 .comment       0x00000000       0x71 ./Sources/Driver/MKL46Z_Driver_GPIO.o
 .comment       0x00000000       0x71 ./Sources/Driver/MKL46Z_Driver_PORT.o
 .comment       0x00000000       0x71 ./Sources/Driver/MKL46Z_Driver_SIM.o
 .comment       0x00000000       0x71 ./Sources/Driver/MKL46Z_Driver_UART0.o
 .comment       0x00000000       0x71 ./Sources/App/App_on_off_leds_by_commands.o
 .comment       0x00000000       0x71 ./Sources/main.o
 .comment       0x00000000       0x71 ./Project_Settings/Startup_Code/system_MKL46Z4.o

.debug_frame    0x00000000      0x700
 .debug_frame   0x00000000       0xb0 ./Sources/HAL/MKL46Z_HAL_GPIO.o
 .debug_frame   0x000000b0       0x70 ./Sources/HAL/MKL46Z_HAL_PORT.o
 .debug_frame   0x00000120       0x90 ./Sources/HAL/MKL46Z_HAL_SIM.o
 .debug_frame   0x000001b0       0xcc ./Sources/HAL/MKL46Z_HAL_UART0.o
 .debug_frame   0x0000027c       0xb0 ./Sources/Driver/MKL46Z_Driver_GPIO.o
 .debug_frame   0x0000032c       0x70 ./Sources/Driver/MKL46Z_Driver_PORT.o
 .debug_frame   0x0000039c       0x90 ./Sources/Driver/MKL46Z_Driver_SIM.o
 .debug_frame   0x0000042c      0x108 ./Sources/Driver/MKL46Z_Driver_UART0.o
 .debug_frame   0x00000534       0xa0 ./Sources/App/App_on_off_leds_by_commands.o
 .debug_frame   0x000005d4       0x2c ./Sources/main.o
 .debug_frame   0x00000600       0x4c ./Project_Settings/Startup_Code/system_MKL46Z4.o
 .debug_frame   0x0000064c       0x20 c:/freescale/kds_v3/toolchain/bin/../lib/gcc/arm-none-eabi/4.8.4/armv6-m\libgcc.a(_udivsi3.o)
 .debug_frame   0x0000066c       0x28 c:/freescale/kds_v3/toolchain/bin/../lib/gcc/arm-none-eabi/4.8.4/../../../../arm-none-eabi/lib/armv6-m\libg_s.a(lib_a-exit.o)
 .debug_frame   0x00000694       0x2c c:/freescale/kds_v3/toolchain/bin/../lib/gcc/arm-none-eabi/4.8.4/../../../../arm-none-eabi/lib/armv6-m\libg_s.a(lib_a-init.o)
 .debug_frame   0x000006c0       0x20 c:/freescale/kds_v3/toolchain/bin/../lib/gcc/arm-none-eabi/4.8.4/../../../../arm-none-eabi/lib/armv6-m\libg_s.a(lib_a-memset.o)
 .debug_frame   0x000006e0       0x20 c:/freescale/kds_v3/toolchain/bin/../lib/gcc/arm-none-eabi/4.8.4/../../../../arm-none-eabi/lib/armv6-m\libnosys.a(_exit.o)
